
--- start kernel 2026-09-24 03:08:55 ---
Traceback (most recent call last):
  File "D:\桌面\新建文件夹\core\server.py", line 1030, in <module>
    raise SystemExit(main())
                     ~~~~^^
  File "D:\桌面\新建文件夹\core\server.py", line 999, in main
    _install_death_logger(args.port)
    ~~~~~~~~~~~~~~~~~~~~~^^^^^^^^^^^
  File "D:\桌面\新建文件夹\core\server.py", line 886, in _install_death_logger
    _startup()
    ~~~~~~~~^^
  File "D:\桌面\新建文件夹\core\server.py", line 884, in _startup
    _write("START", f"ppid={ppid} job={job} argv={argv}")
    ~~~~~~^^^^^^^^^^^^^^^^^^^^^^^^^^^^^^^^^^^^^^^^^^^^^^^
  File "D:\桌面\新建文件夹\core\server.py", line 874, in _write
    now = time.strftime("%F %T")
          ^^^^
NameError: name 'time' is not defined. Did you forget to import 'time'?

--- start kernel 2026-09-24 03:10:03 ---
[kernel] listening on http://127.0.0.1:8765
[kernel] output root -> D:\.hermes_kernel
[kernel]   pictures -> D:\.hermes_kernel\pictures
[kernel]   texts -> D:\.hermes_kernel\texts

--- start kernel 2026-09-24 03:12:27 ---
[kernel] listening on http://127.0.0.1:8765
[kernel] output root -> D:\.hermes_kernel
[kernel]   pictures -> D:\.hermes_kernel\pictures
[kernel]   texts -> D:\.hermes_kernel\texts

--- start kernel 2026-09-24 03:34:27 ---
[kernel] listening on http://127.0.0.1:8765
[kernel] output root -> D:\.hermes_kernel
[kernel]   pictures -> D:\.hermes_kernel\pictures
[kernel]   texts -> D:\.hermes_kernel\texts

--- start kernel 2026-09-25 19:42:15 ---
[kernel] listening on http://127.0.0.1:8765
[kernel] output root -> D:\.hermes_kernel
[kernel]   pictures -> D:\.hermes_kernel\pictures
[kernel]   texts -> D:\.hermes_kernel\texts
